// Jest Snapshot v1, https://goo.gl/fbAQLP

exports[`renders without unexpected changes 1`] = `
<div
  className="small-company-container__wrapper"
  data-testid="small-company-container"
>
  <div
    className="small-company-container small-company-container--undefined small-company-container--undefined"
  >
    <div
      className="small-company-container__header"
    >
      <img
        alt="Walmart"
        className="small-company-container__logo small-company-container__logo--undefined"
        src="test-file-stub"
      />
      <div
        className="small-company-container__time"
      >
        <span
          className="small-company-container__date"
        />
        <span
          className="small-company-container__readtime"
        />
      </div>
    </div>
    <p
      className="small-company-container__desc"
    >
      Increasing Walmart weekly ads conversion with a custom web app for Ad Tech company
    </p>
  </div>
  <div
    className="small-company-container__footer"
  >
    <p
      className="small-company-container__hashtags small-company-container__hashtags--undefined"
    >
      <span
        className="small-company-container__label small-company-container__label--undefined"
      >
        CASE STUDY
      </span>
      Amazon, Retail & E-commerce, React, Web development, +13 more
    </p>
  </div>
</div>
`;
