// Jest Snapshot v1, https://goo.gl/fbAQLP

exports[`renders without unexpected changes 1`] = `
<div
  className="section-header__wrapper"
  data-testid="section-header"
>
  <div>
    <div
      className="title__wrapper"
    >
      <h2
        className="title title--small"
        data-testid="section-title"
      />
      <h2
        className="title title--bold"
        data-testid="section-title"
      />
      <h2
        className="title title--small"
        data-testid="section-title"
      />
    </div>
    <h1
      className="title title--undefined"
      data-testid="main-title"
    />
  </div>
  <h2
    className="title title--primary"
    data-testid="section-title"
  >
    test
  </h2>
</div>
`;
