// Jest Snapshot v1, https://goo.gl/fbAQLP

exports[`renders without unexpected changes 1`] = `
<div
  className="filter-nav"
  data-testid="filter-list"
>
  <div
    className="filter-nav__wrapper"
  >
    <div
      className="test-nav__wrapper"
      data-testid="primary-nav"
    >
      <span
        className="test-nav__title"
        onClick={[Function]}
      >
        Services
      </span>
    </div>
    <div
      className="test-nav__wrapper"
      data-testid="primary-nav"
    >
      <span
        className="test-nav__title"
        onClick={[Function]}
      >
        Industries
      </span>
    </div>
    <div
      className="test-nav__wrapper"
      data-testid="primary-nav"
    >
      <span
        className="test-nav__title"
        onClick={[Function]}
      >
        Expertise
      </span>
    </div>
    <div
      className="test-nav__wrapper"
      data-testid="primary-nav"
    >
      <span
        className="test-nav__title"
        onClick={[Function]}
      >
        Engagement
      </span>
    </div>
  </div>
</div>
`;
