// Jest Snapshot v1, https://goo.gl/fbAQLP

exports[`renders without unexpected changes 1`] = `
<div
  className="filter-list"
  data-testid="filter-list"
>
  <div
    className="filter-list__body"
  >
    <span
      className="filter-list__title"
    >
      Platforms
    </span>
    <div
      className="filter-list__wrapper"
    >
      <div
        className="filter-list__chose"
      >
        <input
          className="filter-list__check"
          id={1}
          name=""
          type="checkbox"
        />
        <label
          className="filter-list__label"
          htmlFor={1}
        >
          Web
        </label>
      </div>
    </div>
    <div
      className="filter-list__wrapper"
    >
      <div
        className="filter-list__chose"
      >
        <input
          className="filter-list__check"
          id={2}
          name=""
          type="checkbox"
        />
        <label
          className="filter-list__label"
          htmlFor={2}
        >
          Ios
        </label>
      </div>
    </div>
    <div
      className="filter-list__wrapper"
    >
      <div
        className="filter-list__chose"
      >
        <input
          className="filter-list__check"
          id={3}
          name=""
          type="checkbox"
        />
        <label
          className="filter-list__label"
          htmlFor={3}
        >
          Android
        </label>
      </div>
    </div>
    <div
      className="filter-list__wrapper"
    >
      <div
        className="filter-list__chose"
      >
        <input
          className="filter-list__check"
          id={4}
          name=""
          type="checkbox"
        />
        <label
          className="filter-list__label"
          htmlFor={4}
        >
          Analytics
        </label>
      </div>
    </div>
    <div
      className="filter-list__wrapper"
    >
      <div
        className="filter-list__chose"
      >
        <input
          className="filter-list__check"
          id={5}
          name=""
          type="checkbox"
        />
        <label
          className="filter-list__label"
          htmlFor={5}
        >
          Quality control
        </label>
      </div>
    </div>
    <div
      className="filter-list__wrapper"
    >
      <div
        className="filter-list__chose"
      >
        <input
          className="filter-list__check"
          id={6}
          name=""
          type="checkbox"
        />
        <label
          className="filter-list__label"
          htmlFor={6}
        >
          Mobile development
        </label>
      </div>
    </div>
  </div>
</div>
`;
