// Jest Snapshot v1, https://goo.gl/fbAQLP

exports[`renders without unexpected changes 1`] = `
<div
  className="filter"
  data-testid="filter"
>
  <div
    className="filter__wrapper"
  >
    <ul
      className="nav nav--filter"
    >
      <a
        className="link__margin  active__border"
        href="/what-we-do/"
        onClick={[Function]}
        onMouseEnter={[Function]}
      >
        <li
          className="nav__link"
          data-testid="nav"
          onClick={[Function]}
        >
          All
        </li>
      </a>
      <a
        className="link__margin  active__border"
        href="/what-we-do/web-development/"
        onClick={[Function]}
        onMouseEnter={[Function]}
      >
        <li
          className="nav__link"
          data-testid="nav"
          onClick={[Function]}
        >
          Web development
        </li>
      </a>
      <a
        className="link__margin  active__border"
        href="/what-we-do/cloud-services/"
        onClick={[Function]}
        onMouseEnter={[Function]}
      >
        <li
          className="nav__link"
          data-testid="nav"
          onClick={[Function]}
        >
          Cloud services
        </li>
      </a>
      <a
        className="link__margin  active__border"
        href="/what-we-do/team-extension/"
        onClick={[Function]}
        onMouseEnter={[Function]}
      >
        <li
          className="nav__link"
          data-testid="nav"
          onClick={[Function]}
        >
          Team extension
        </li>
      </a>
      <a
        className="link__margin  active__border"
        href="/what-we-do/ar-&-vr/"
        onClick={[Function]}
        onMouseEnter={[Function]}
      >
        <li
          className="nav__link"
          data-testid="nav"
          onClick={[Function]}
        >
          AR & VR
        </li>
      </a>
      <a
        className="link__margin  active__border"
        href="/what-we-do/retail-and-e-commerce/"
        onClick={[Function]}
        onMouseEnter={[Function]}
      >
        <li
          className="nav__link"
          data-testid="nav"
          onClick={[Function]}
        >
          Retail & E-commerce
        </li>
      </a>
      <a
        className="link__margin  active__border"
        href="/what-we-do/mobile-development/"
        onClick={[Function]}
        onMouseEnter={[Function]}
      >
        <li
          className="nav__link"
          data-testid="nav"
          onClick={[Function]}
        >
          Mobile development
        </li>
      </a>
    </ul>
    <span
      className="filter__dots"
      onClick={[Function]}
    >
      ...
    </span>
    <span
      className="filter__line"
    />
    <div
      className="filter__body"
      onClick={[Function]}
    >
      <svg
        className="filter__icon"
        fill="currentColor"
        height="1em"
        stroke="currentColor"
        strokeWidth="0"
        style={
          Object {
            "color": undefined,
          }
        }
        viewBox="0 0 16 16"
        width="1em"
        xmlns="http://www.w3.org/2000/svg"
      >
        <path
          clipRule="evenodd"
          d="M6 10.5a.5.5 0 01.5-.5h3a.5.5 0 010 1h-3a.5.5 0 01-.5-.5zm-2-3a.5.5 0 01.5-.5h7a.5.5 0 010 1h-7a.5.5 0 01-.5-.5zm-2-3a.5.5 0 01.5-.5h11a.5.5 0 010 1h-11a.5.5 0 01-.5-.5z"
          fillRule="evenodd"
        />
      </svg>
      <div
        className="filter__label"
      >
        Filters
      </div>
    </div>
    <div
      className="filter__triangle"
    />
  </div>
</div>
`;
