// Jest Snapshot v1, https://goo.gl/fbAQLP

exports[`renders without unexpected changes 1`] = `
<div
  className="page-header"
  data-testid="page-header"
>
  <div
    className="page-header__wrapper page-header__wrapper--undefined"
  >
    <div
      className="page-header__container"
    >
      <div
        className="page-header__img-left"
      />
      <div
        className="page-header__title"
      >
        <h2
          className="title title--small"
        >
          Discover
        </h2>
        <h1
          className="title title--section title--brackets"
        >
          Whar We Do
        </h1>
      </div>
      <div
        className="page-header__img-right"
      />
    </div>
    <div
      className="page-header__button-wrapper page-header__button-wrapper--undefined"
    >
      <a
        onClick={[Function]}
      >
        <button
          className="button button--primary button--undefined button--undefined"
          data-testid="button"
        >
          Show how
          <img
            alt="Show how"
            className="button__icon button__icon--undefined"
            data-testid="button__icon"
            src="test-file-stub"
          />
        </button>
      </a>
    </div>
  </div>
</div>
`;
