// Jest Snapshot v1, https://goo.gl/fbAQLP

exports[`renders without unexpected changes 1`] = `
<div
  className="drop-down-text"
  data-testid="drop-down-text"
>
  <div
    className="drop-down-text__wrapper"
  >
    <div
      className="drop-down-text__header"
    >
      <span
        className="drop-down-text__title"
      >
        Developer
      </span>
      <img
        alt="Show"
        className="drop-down-text__icon"
        onClick={[Function]}
        src="test-file-stub"
      />
    </div>
    <div
      className="drop-down-text__body"
    >
      <div
        className="drop-down-text__salary"
      >
        <span
          className="drop-down-text__time"
        >
          Hourly
        </span>
        <span
          className="drop-down-text__rate"
        >
          $60-$150+/hour
        </span>
      </div>
      <div
        className="drop-down-text__salary"
      >
        <span
          className="drop-down-text__time"
        >
          Part-time
        </span>
        <span
          className="drop-down-text__rate"
        >
          $1,000-$2,400+/week
        </span>
      </div>
      <div
        className="drop-down-text__salary"
      >
        <span
          className="drop-down-text__time"
        >
          Full-time
        </span>
        <span
          className="drop-down-text__rate"
        >
          $2,000-$4,800+/week
        </span>
      </div>
    </div>
  </div>
  <div
    className="drop-down-text__wrapper"
  >
    <div
      className="drop-down-text__header"
    >
      <span
        className="drop-down-text__title"
      >
        QA Engineer
      </span>
      <img
        alt="Show"
        className="drop-down-text__icon"
        onClick={[Function]}
        src="test-file-stub"
      />
    </div>
    <div
      className="drop-down-text__body"
    >
      <div
        className="drop-down-text__salary"
      >
        <span
          className="drop-down-text__time"
        >
          Hourly
        </span>
        <span
          className="drop-down-text__rate"
        >
          $60-$150+/hour
        </span>
      </div>
      <div
        className="drop-down-text__salary"
      >
        <span
          className="drop-down-text__time"
        >
          Part-time
        </span>
        <span
          className="drop-down-text__rate"
        >
          $1,000-$2,400+/week
        </span>
      </div>
      <div
        className="drop-down-text__salary"
      >
        <span
          className="drop-down-text__time"
        >
          Full-time
        </span>
        <span
          className="drop-down-text__rate"
        >
          $2,000-$4,800+/week
        </span>
      </div>
    </div>
  </div>
  <div
    className="drop-down-text__wrapper"
  >
    <div
      className="drop-down-text__header"
    >
      <span
        className="drop-down-text__title"
      >
        DevOps
      </span>
      <img
        alt="Show"
        className="drop-down-text__icon"
        onClick={[Function]}
        src="test-file-stub"
      />
    </div>
    <div
      className="drop-down-text__body"
    >
      <div
        className="drop-down-text__salary"
      >
        <span
          className="drop-down-text__time"
        >
          Hourly
        </span>
        <span
          className="drop-down-text__rate"
        >
          $60-$150+/hour
        </span>
      </div>
      <div
        className="drop-down-text__salary"
      >
        <span
          className="drop-down-text__time"
        >
          Part-time
        </span>
        <span
          className="drop-down-text__rate"
        >
          $1,000-$2,400+/week
        </span>
      </div>
      <div
        className="drop-down-text__salary"
      >
        <span
          className="drop-down-text__time"
        >
          Full-time
        </span>
        <span
          className="drop-down-text__rate"
        >
          $2,000-$4,800+/week
        </span>
      </div>
    </div>
  </div>
  <div
    className="drop-down-text__wrapper"
  >
    <div
      className="drop-down-text__header"
    >
      <span
        className="drop-down-text__title"
      >
        Project Manager
      </span>
      <img
        alt="Show"
        className="drop-down-text__icon"
        onClick={[Function]}
        src="test-file-stub"
      />
    </div>
    <div
      className="drop-down-text__body"
    >
      <div
        className="drop-down-text__salary"
      >
        <span
          className="drop-down-text__time"
        >
          Hourly
        </span>
        <span
          className="drop-down-text__rate"
        >
          $60-$150+/hour
        </span>
      </div>
      <div
        className="drop-down-text__salary"
      >
        <span
          className="drop-down-text__time"
        >
          Part-time
        </span>
        <span
          className="drop-down-text__rate"
        >
          $1,000-$2,400+/week
        </span>
      </div>
      <div
        className="drop-down-text__salary"
      >
        <span
          className="drop-down-text__time"
        >
          Full-time
        </span>
        <span
          className="drop-down-text__rate"
        >
          $2,000-$4,800+/week
        </span>
      </div>
    </div>
  </div>
</div>
`;
