// Jest Snapshot v1, https://goo.gl/fbAQLP

exports[`renders without unexpected changes 1`] = `
<div
  className="services"
  data-testid="services"
>
  <div
    className="services__wrapp"
  >
    <h2
      className="title title--main"
      data-testid="section-title"
    >
      Services and expertise
    </h2>
  </div>
  <div
    className="services__nav"
  >
    <ul
      className="nav nav--main"
    >
      <div
        className="nav__container nav__container--undefined"
      >
        <a
          className="link__margin  active__border nav__link undefined"
          data-testid="nav"
          href="/what-we-do/"
          onClick={[Function]}
          onMouseEnter={[Function]}
        >
          <li
            className="nav__link"
            onClick={[Function]}
          >
            All
          </li>
        </a>
        <a
          className="link__margin  active__border nav__link undefined"
          data-testid="nav"
          href="/what-we-do/web-development/"
          onClick={[Function]}
          onMouseEnter={[Function]}
        >
          <li
            className="nav__link"
            onClick={[Function]}
          >
            Web development
          </li>
        </a>
        <a
          className="link__margin  active__border nav__link undefined"
          data-testid="nav"
          href="/what-we-do/cloud-services/"
          onClick={[Function]}
          onMouseEnter={[Function]}
        >
          <li
            className="nav__link"
            onClick={[Function]}
          >
            Cloud services
          </li>
        </a>
        <a
          className="link__margin  active__border nav__link undefined"
          data-testid="nav"
          href="/what-we-do/team-extension/"
          onClick={[Function]}
          onMouseEnter={[Function]}
        >
          <li
            className="nav__link"
            onClick={[Function]}
          >
            Team extension
          </li>
        </a>
        <a
          className="link__margin  active__border nav__link undefined"
          data-testid="nav"
          href="/what-we-do/ar-&-vr/"
          onClick={[Function]}
          onMouseEnter={[Function]}
        >
          <li
            className="nav__link"
            onClick={[Function]}
          >
            AR & VR
          </li>
        </a>
      </div>
    </ul>
    <div
      className="services__nav-btn"
    >
      <a
        className="link"
        href="/what-we-do/"
        onClick={[Function]}
        onMouseEnter={[Function]}
      >
        <button
          className="button button--primary button--undefined button--undefined"
          data-testid="button"
        >
          Discover more
          <img
            alt="Discover more"
            className="button__icon button__icon--undefined"
            data-testid="button__icon"
            src="test-file-stub"
          />
        </button>
      </a>
    </div>
  </div>
  <div
    className="services__company"
  >
    <div
      className="large-company-container__wrapper"
      data-testid="large-company-container"
    >
      <div
        className="large-company-container large-company-container--bg-main large-company-container--undefined"
      >
        <div
          className="large-company-container__header"
        >
          <img
            alt="Spectar"
            className="large-company-container__logo large-company-container__logo--undefined"
            src="test-file-stub"
          />
          <div
            className="large-company-container__time"
          >
            <span
              className="large-company-container__date"
            />
            <span
              className="large-company-container__readtime"
            />
          </div>
        </div>
        <p
          className="large-company-container__desc"
        >
          Building a pioneering AR product for construction
        </p>
      </div>
      <p
        className="large-company-container__hashtags large-company-container__hashtags--undefined"
      >
        <span
          className="large-company-container__label large-company-container__label--undefined"
        >
          CASE STUDY
        </span>
        Microservice architecture, Microsoft HoloLens 2, REST API, Web development, +13 more
      </p>
    </div>
    <div
      className="services__company-wrapper"
    >
      <div
        className="small-company-container__wrapper"
        data-testid="small-company-container"
      >
        <div
          className="small-company-container small-company-container--undefined small-company-container--undefined"
        >
          <div
            className="small-company-container__header"
          >
            <img
              alt="Walmart"
              className="small-company-container__logo small-company-container__logo--undefined"
              src="test-file-stub"
            />
            <div
              className="small-company-container__time"
            >
              <span
                className="small-company-container__date"
              />
              <span
                className="small-company-container__readtime"
              />
            </div>
          </div>
          <p
            className="small-company-container__desc"
          >
            Increasing Walmart weekly ads conversion with a custom web app for Ad Tech company
          </p>
        </div>
        <div
          className="small-company-container__footer"
        >
          <p
            className="small-company-container__hashtags small-company-container__hashtags--undefined"
          >
            <span
              className="small-company-container__label small-company-container__label--undefined"
            >
              CASE STUDY
            </span>
            Amazon, Retail & E-commerce, React, Web development, +13 more
          </p>
        </div>
      </div>
    </div>
  </div>
</div>
`;
