// Jest Snapshot v1, https://goo.gl/fbAQLP

exports[`renders without unexpected changes 1`] = `
<div
  className="text-image__wrapper text-image__wrapper--undefined"
  data-testid="text-image"
  id="responsibility"
>
  <div
    className="section-header__wrapper"
    data-testid="section-header"
  >
    <div>
      <div
        className="title__wrapper"
      >
        <h2
          className="title title--small"
          data-testid="section-title"
        />
        <h2
          className="title title--bold"
          data-testid="section-title"
        />
        <h2
          className="title title--small"
          data-testid="section-title"
        />
      </div>
      <h1
        className="title title--lighter"
        data-testid="main-title"
      >
        Outcome responsibility
      </h1>
    </div>
    <h2
      className="title title--primary"
      data-testid="section-title"
    />
  </div>
  <div
    className="text-image__body text-image__body--undefined"
  >
    <img
      alt=""
      className="text-image__images text-image__images--dislocation"
    />
  </div>
</div>
`;
