// Jest Snapshot v1, https://goo.gl/fbAQLP

exports[`renders without unexpected changes 1`] = `
<div
  className="text-image__wrapper text-image__wrapper--undefined"
  data-testid="text-image"
  id="responsibility"
>
  <div
    className="text-image__body text-image__body--undefined"
  >
    <img
      alt=""
      className="text-image__images text-image__images--dislocation"
    />
  </div>
</div>
`;
