// Jest Snapshot v1, https://goo.gl/fbAQLP

exports[`renders without unexpected changes 1`] = `
<div
  className="large-company-container__wrapper"
  data-testid="large-company-container"
>
  <div
    className="large-company-container large-company-container--undefined large-company-container--undefined"
  >
    <div
      className="large-company-container__header"
    >
      <img
        alt="Spectar"
        className="large-company-container__logo large-company-container__logo--undefined"
        src="test-file-stub"
      />
      <div
        className="large-company-container__time"
      >
        <span
          className="large-company-container__date"
        />
        <span
          className="large-company-container__readtime"
        />
      </div>
    </div>
    <p
      className="large-company-container__desc"
    >
      Increasing Walmart weekly ads conversion with a custom web app for Ad Tech company
    </p>
  </div>
  <p
    className="large-company-container__hashtags large-company-container__hashtags--undefined"
  >
    <span
      className="large-company-container__label large-company-container__label--undefined"
    >
      CASE STUDY
    </span>
    Amazon, Retail & E-commerce, React, Web development, +13 more
  </p>
</div>
`;
