// Jest Snapshot v1, https://goo.gl/fbAQLP

exports[`renders without unexpected changes 1`] = `
<div
  className="features__wrapper"
  data-testid="features"
>
  <div
    className="features__container"
  >
    <h2
      className="title title--secondary"
      data-testid="section-title"
    >
      More amazing services and success stories awaiting you here
    </h2>
    <a
      className="link"
      href="/what-we-do/"
      onClick={[Function]}
      onMouseEnter={[Function]}
    >
      <button
        className="button button--secondary button--undefined button--mt"
        data-testid="button"
      >
        Discover all
        <img
          alt="Discover all"
          className="button__icon button__icon--undefined"
          data-testid="button__icon"
          src="test-file-stub"
        />
      </button>
    </a>
  </div>
</div>
`;
